#-----------------------------------------------------------
# Vivado v2020.2 (64-bit)
# SW Build 3064766 on Wed Nov 18 09:12:45 MST 2020
# IP Build 3064653 on Wed Nov 18 14:17:31 MST 2020
# Start of session at: Sun Sep 28 13:58:51 2025
# Process ID: 2224
# Current directory: C:/Users/hp/Desktop/FPGA/CPU/AKD_T/AKD_T1/AKD_T1
# Command line: vivado.exe -gui_launcher_event rodinguilauncherevent12424 C:\Users\hp\Desktop\FPGA\CPU\AKD_T\AKD_T1\AKD_T1\AKD_T1.xpr
# Log file: C:/Users/hp/Desktop/FPGA/CPU/AKD_T/AKD_T1/AKD_T1/vivado.log
# Journal file: C:/Users/hp/Desktop/FPGA/CPU/AKD_T/AKD_T1/AKD_T1\vivado.jou
#-----------------------------------------------------------
start_gui
open_project C:/Users/hp/Desktop/FPGA/CPU/AKD_T/AKD_T1/AKD_T1/AKD_T1.xpr
update_compile_order -fileset sources_1
archive_project C:/Users/hp/Desktop/FPGA/CPU/ModifyZone/AKD_T1f.xpr.zip -temp_dir C:/Users/hp/Desktop/FPGA/CPU/AKD_T/AKD_T1/AKD_T1/.Xil/Vivado-2224-LAPTOP-3U3TC0C7 -force -include_local_ip_cache
launch_simulation
source test_AKD_T1.tcl
close_sim
